// Jest Snapshot v1, https://goo.gl/fbAQLP

exports[`ListViewItem by default renders correctly 1`] = `<div role="listitem" class="vnt-listview-item"></div>`;
