// Jest Snapshot v1, https://goo.gl/fbAQLP

exports[`Tooltip by default renders correctly 1`] = `<div role="tooltip" class="vnt-tooltip" style="position: absolute; left: 0px; top: 0px; margin: 0px;">Tooltip text</div>`;
